main.c:109:6:HAL_GPIO_EXTI_Callback	16	static
main.c:127:6:HAL_TIM_PeriodElapsedCallback	16	static
main.c:157:6:stepperMotorSetup	8	static
main.c:168:6:stepperMotorStop	8	static
main.c:172:6:stepperMotionInDegreeC	24	static
main.c:188:6:runServoMotor	8	static
main.c:196:6:provinceDelivery	24	static
main.c:221:6:HAL_UART_RxCpltCallback	16	static
main.c:284:6:conOneServoStart	8	static
main.c:313:5:main	8	static
main.c:432:6:SystemClock_Config	88	static
main.c:477:13:MX_TIM1_Init	96	static
main.c:556:13:MX_TIM2_Init	32	static
main.c:601:13:MX_TIM3_Init	32	static
main.c:646:13:MX_USART2_UART_Init	8	static
main.c:679:13:MX_USART6_UART_Init	8	static
main.c:712:13:MX_GPIO_Init	48	static
main.c:781:6:Error_Handler	4	static,ignoring_inline_asm
